C51 COMPILER V9.00   1_C                                                                   10/15/2014 20:43:24 PAGE 1   


C51 COMPILER V9.00, COMPILATION OF MODULE 1_C
OBJECT MODULE PLACED IN 1.c.OBJ
COMPILER INVOKED BY: C:\Keil\C51\BIN\C51.EXE 1.c.c BROWSE DEBUG OBJECTEXTEND

line level    source

   1          #include<reg52.h>
   2          #define uchar unsigned char
   3          #define uint unsigned int
   4          uchar code table[]={
   5          0x3f,0x06,0x5b,0x4f,
   6          0x66,0x6d,0x7d,0x07,
   7          0x7f,0x6f,0x77,0x7c,
   8          0x39,0x5e,0x79,0x71,0};
   9          uchar num,messi;
  10          sbit key1=P3^4;
  11          sbit dula=P2^6;
  12          sbit wela=P2^7;
  13          void delay(uint z)
  14          {
  15   1              uint t1,y;
  16   1              for(t1=z;t1>0;t1--)
  17   1                      for(y=110;y>0;y--);
  18   1      }
  19          void main()
  20          {       
  21   1              dula=0;
  22   1              dula=1;
  23   1              P0=0;
  24   1              dula=0;
  25   1              wela=1;
  26   1              P0=0x00;
  27   1              wela=0;
  28   1              while(1)
  29   1              {       
  30   2                      P3=0xfe;
  31   2                      messi=P3;
  32   2                      messi=messi&0xf0;
  33   2                      while(messi!=0xf0)
  34   2                      {
  35   3                              delay(5);
  36   3                              messi=P3;
  37   3                              messi=messi&0xf0;
  38   3                              while(messi!=0xf0)
  39   3                              {
  40   4                                      messi=P3;
  41   4                                      switch(messi)
  42   4                                      {
  43   5                                              case 0xee: num=1;
  44   5                                                      break;
  45   5                                              case 0xde: num=2;
  46   5                                                      break;
  47   5                                              case 0xbe: num=3;
  48   5                                                      break;
  49   5                                              case 0x7e:num=4;
  50   5                                                      break;
  51   5                                      }
  52   4                                       while(messi!=0xf0)
  53   4                                                      {
  54   5                                                              messi=P3;
  55   5                                                              messi=messi&0xf0;
C51 COMPILER V9.00   1_C                                                                   10/15/2014 20:43:24 PAGE 2   

  56   5                                                      }
  57   4                                      dula=1;
  58   4                                      P0=table[num];
  59   4                                      dula=0;
  60   4                              }
  61   3                      }       
  62   2              }               
  63   1      }


MODULE INFORMATION:   STATIC OVERLAYABLE
   CODE SIZE        =    146    ----
   CONSTANT SIZE    =     17    ----
   XDATA SIZE       =   ----    ----
   PDATA SIZE       =   ----    ----
   DATA SIZE        =      2    ----
   IDATA SIZE       =   ----    ----
   BIT SIZE         =   ----    ----
END OF MODULE INFORMATION.


C51 COMPILATION COMPLETE.  0 WARNING(S),  0 ERROR(S)
