C51 COMPILER V9.00   LESSON2_5                                                             09/02/2014 16:54:19 PAGE 1   


C51 COMPILER V9.00, COMPILATION OF MODULE LESSON2_5
OBJECT MODULE PLACED IN lesson2-5.OBJ
COMPILER INVOKED BY: C:\Keil\C51\BIN\C51.EXE lesson2-5.c BROWSE DEBUG OBJECTEXTEND

line level    source

   1          #include<reg52.h>
   2          #include<intrins.h>                                                                                                                                                                                                                             #include<reg52.h>
   3          #define uchar unsigned char
   4          #define uint unsigned int
   5          uchar temp;               
   6          void delay(uint z);
   7          void main()
   8          {       
   9   1              temp=0xfe;
  10   1              P1=temp;
  11   1                      while(1)
  12   1                      {
  13   2                              
  14   2                              temp=_crol_(temp,1);
  15   2                              delay(300);
  16   2                              P1=temp;
  17   2                      }
  18   1       
  19   1      }
  20          void delay(z)
  21          {         uint x,y;
*** WARNING C235 IN LINE 21 OF LESSON2-5.C: parameter 1: different types
  22   1              for(x=100;x>0;x--)
  23   1              {
  24   2                        for(y=z;y>0;y--)
  25   2                        {
  26   3      
  27   3                        };
  28   2              };
  29   1      }


MODULE INFORMATION:   STATIC OVERLAYABLE
   CODE SIZE        =     65    ----
   CONSTANT SIZE    =   ----    ----
   XDATA SIZE       =   ----    ----
   PDATA SIZE       =   ----    ----
   DATA SIZE        =      1    ----
   IDATA SIZE       =   ----    ----
   BIT SIZE         =   ----    ----
END OF MODULE INFORMATION.


C51 COMPILATION COMPLETE.  1 WARNING(S),  0 ERROR(S)
